(162,3) RGB=(87,102,76) dist=104.8
(159,4) RGB=(110,127,100) dist=97.4
(87,6) RGB=(79,103,69) dist=95.6
(99,6) RGB=(73,96,64) dist=94.0
(161,6) RGB=(145,155,113) dist=95.0
(237,7) RGB=(99,119,81) dist=96.1
(240,8) RGB=(81,97,63) dist=97.7
(146,11) RGB=(89,99,73) dist=106.3
(179,11) RGB=(79,103,59) dist=90.8
(237,11) RGB=(114,140,109) dist=92.6
(244,11) RGB=(131,148,109) dist=91.0
(151,14) RGB=(72,99,66) dist=92.4
(222,15) RGB=(94,120,85) dist=96.8
(223,15) RGB=(117,121,87) dist=97.9
(229,16) RGB=(158,125,77) dist=91.2
(240,16) RGB=(140,107,105) dist=106.7
(137,17) RGB=(33,99,93) dist=96.0
(138,17) RGB=(44,115,102) dist=96.6
(202,17) RGB=(77,97,58) dist=93.1
(136,18) RGB=(105,166,160) dist=117.4
(98,19) RGB=(129,134,98) dist=94.5
(144,19) RGB=(73,99,61) dist=90.6
(201,19) RGB=(102,123,84) dist=93.4
(98,20) RGB=(126,141,102) dist=90.2
(156,20) RGB=(153,166,113) dist=93.3
(178,20) RGB=(167,104,73) dist=92.4
(155,21) RGB=(153,162,105) dist=90.2
(97,22) RGB=(120,151,119) dist=93.0
(124,22) RGB=(115,176,186) dist=118.3
(155,22) RGB=(131,154,126) dist=99.4
(47,23) RGB=(95,117,80) dist=97.8
(80,23) RGB=(146,150,119) dist=102.4
(82,23) RGB=(102,119,87) dist=98.3
(97,23) RGB=(105,133,116) dist=101.5
(123,23) RGB=(32,100,103) dist=103.1
(149,23) RGB=(94,197,202) dist=94.1
(201,23) RGB=(91,112,69) dist=98.7
(228,23) RGB=(137,148,107) dist=92.0
(45,24) RGB=(81,127,81) dist=90.6
(98,24) RGB=(85,124,80) dist=92.3
(99,24) RGB=(149,159,127) dist=104.6
(150,24) RGB=(133,155,161) dist=128.2
(171,24) RGB=(123,130,98) dist=96.1
(44,25) RGB=(75,82,52) dist=91.6
(120,25) RGB=(70,119,114) dist=114.1
(135,25) RGB=(143,170,134) dist=102.5
(145,25) RGB=(175,115,94) dist=97.6
(149,25) RGB=(15,124,128) dist=105.8
(151,25) RGB=(136,161,165) dist=130.1
(135,26) RGB=(91,181,193) dist=93.2
(143,26) RGB=(167,102,85) dist=95.1
(75,27) RGB=(93,204,214) dist=94.1
(138,27) RGB=(142,159,128) dist=102.2
(142,27) RGB=(179,127,105) dist=100.0
(52,28) RGB=(173,125,92) dist=92.8
(59,28) RGB=(176,181,153) dist=131.2
(75,28) RGB=(149,216,214) dist=150.5
(76,28) RGB=(104,215,212) dist=105.8
(77,28) RGB=(153,160,117) dist=99.0
(164,28) RGB=(185,125,103) dist=96.6
(186,28) RGB=(163,172,146) dist=121.0
(244,28) RGB=(168,181,110) dist=95.2
(48,29) RGB=(159,134,105) dist=107.8
(59,29) RGB=(127,141,107) dist=93.5
(73,29) RGB=(144,148,113) dist=98.7
(77,29) RGB=(97,172,156) dist=110.1
(140,29) RGB=(155,116,104) dist=107.2
(48,30) RGB=(171,120,88) dist=92.9
(71,30) RGB=(151,149,123) dist=107.9
(72,30) RGB=(154,217,205) dist=155.0
(73,30) RGB=(103,212,225) dist=106.7
(77,30) RGB=(20,103,109) dist=105.7
(158,30) RGB=(153,89,80) dist=92.6
(234,30) RGB=(153,160,106) dist=91.9
(39,31) RGB=(147,154,104) dist=90.9
(48,31) RGB=(179,108,81) dist=90.0
(71,31) RGB=(152,145,118) dist=107.5
(74,31) RGB=(176,212,205) dist=172.6
(76,31) RGB=(14,112,106) dist=98.7
(77,31) RGB=(151,154,112) dist=97.9
(47,32) RGB=(152,116,98) dist=109.6
(70,32) RGB=(157,162,114) dist=98.2
(73,32) RGB=(20,120,126) dist=110.8
(76,32) RGB=(155,154,121) dist=105.8
(139,32) RGB=(144,125,113) dist=114.6
(151,32) RGB=(136,147,121) dist=101.5
(154,32) RGB=(149,130,122) dist=118.3
(161,32) RGB=(149,159,131) dist=107.5
(232,32) RGB=(133,148,107) dist=90.5
(242,32) RGB=(137,149,112) dist=94.5
(47,33) RGB=(161,101,73) dist=94.3
(48,33) RGB=(141,143,97) dist=91.5
(67,33) RGB=(138,138,109) dist=100.5
(74,33) RGB=(148,154,125) dist=105.2
(134,33) RGB=(171,232,228) dist=176.2
(135,33) RGB=(181,234,233) dist=187.1
(68,34) RGB=(153,160,126) dist=105.3
(136,34) RGB=(17,108,109) dist=103.1
(144,34) RGB=(76,114,85) dist=97.3
(37,35) RGB=(71,95,62) dist=92.7
(133,35) RGB=(122,208,209) dist=122.6
(134,35) RGB=(12,133,136) dist=93.4
(136,35) RGB=(128,212,219) dist=130.0
(49,36) RGB=(139,139,111) dist=101.4
(50,36) RGB=(82,103,78) dist=102.3
(67,36) RGB=(136,133,94) dist=95.7
(134,36) RGB=(117,237,244) dist=130.4
(137,36) RGB=(43,128,125) dist=112.2
(215,36) RGB=(165,107,93) dist=97.6
(79,37) RGB=(193,218,219) dist=193.1
(81,37) RGB=(145,155,129) dist=106.3
(135,37) RGB=(15,125,128) dist=105.0
(214,37) RGB=(183,153,139) dist=124.8
(42,38) RGB=(106,125,94) dist=95.9
(54,38) RGB=(95,122,84) dist=94.5
(79,38) RGB=(17,134,133) dist=95.6
(80,38) RGB=(154,226,227) dist=158.5
(81,38) RGB=(24,127,117) dist=102.5
(91,38) RGB=(176,106,82) dist=93.3
(132,38) RGB=(18,100,103) dist=102.4
(133,38) RGB=(27,135,132) dist=97.9
(134,38) RGB=(52,132,141) dist=104.0
(135,38) RGB=(16,108,115) dist=108.4
(136,38) RGB=(41,131,143) dist=98.4
(205,38) RGB=(178,170,149) dist=132.2
(207,38) RGB=(91,120,128) dist=119.4
(236,38) RGB=(146,165,125) dist=98.8
(78,39) RGB=(17,101,95) dist=95.5
(80,39) RGB=(94,216,214) dist=96.4
(207,39) RGB=(172,171,110) dist=101.5
(211,39) RGB=(181,117,102) dist=100.5
(213,39) RGB=(157,105,84) dist=101.8
(50,40) RGB=(111,129,98) dist=94.8
(57,40) RGB=(132,139,99) dist=92.0
(65,40) RGB=(137,133,80) dist=90.5
(77,40) RGB=(111,211,219) dist=113.2
(79,40) RGB=(63,103,84) dist=95.9
(80,40) RGB=(87,116,103) dist=108.7
(81,40) RGB=(105,143,153) dist=123.0
(90,40) RGB=(182,111,89) dist=92.8
(91,40) RGB=(162,124,112) dist=111.0
(212,40) RGB=(181,153,144) dist=130.2
(52,41) RGB=(136,139,110) dist=99.7
(53,41) RGB=(157,158,108) dist=96.5
(56,41) RGB=(137,150,114) dist=95.2
(106,41) RGB=(180,215,220) dist=181.7
(211,41) RGB=(152,109,103) dist=102.5
(55,42) RGB=(72,111,81) dist=93.9
(65,42) RGB=(153,150,120) dist=106.3
(75,42) RGB=(32,119,116) dist=105.1
(76,42) RGB=(24,115,107) dist=98.0
(77,42) RGB=(8,94,92) dist=92.4
(78,42) RGB=(66,103,93) dist=103.4
(88,42) RGB=(172,118,90) dist=94.7
(90,42) RGB=(177,148,137) dist=125.2
(106,42) RGB=(90,200,216) dist=91.4
(107,42) RGB=(111,212,210) dist=112.1
(108,42) RGB=(116,224,226) dist=121.3
(208,42) RGB=(181,172,146) dist=131.2
(209,42) RGB=(156,163,138) dist=114.4
(65,43) RGB=(149,154,127) dist=107.1
(77,43) RGB=(151,155,127) dist=107.5
(89,43) RGB=(178,108,82) dist=91.2
(105,43) RGB=(129,213,228) dist=132.6
(106,43) RGB=(24,136,134) dist=95.0
(108,43) RGB=(182,230,222) dist=185.8
(109,43) RGB=(128,231,228) dist=134.6
(143,43) RGB=(151,127,118) dist=117.7
(62,44) RGB=(147,162,115) dist=93.5
(65,44) RGB=(76,111,87) dist=100.1
(81,44) RGB=(83,132,94) dist=91.2
(87,44) RGB=(168,109,88) dist=99.6
(88,44) RGB=(160,99,83) dist=96.0
(96,44) RGB=(127,196,198) dist=127.1
(103,44) RGB=(157,207,210) dist=157.5
(104,44) RGB=(137,228,226) dist=142.2
(110,44) RGB=(148,222,226) dist=151.9
(139,44) RGB=(156,108,107) dist=99.2
(189,44) RGB=(173,174,142) dist=122.8
(210,44) RGB=(169,106,85) dist=97.9
(54,45) RGB=(165,105,66) dist=90.4
(58,45) RGB=(68,102,74) dist=92.6
(61,45) RGB=(75,112,74) dist=90.8
(87,45) RGB=(184,118,100) dist=97.3
(88,45) RGB=(168,97,79) dist=91.6
(106,45) RGB=(160,235,240) dist=168.6
(110,45) RGB=(15,131,137) dist=94.6
(111,45) RGB=(152,157,130) dist=109.1
(126,45) RGB=(152,148,117) dist=105.1
(142,45) RGB=(153,153,111) dist=98.9
(175,45) RGB=(78,105,63) dist=90.8
(188,45) RGB=(185,179,134) dist=120.8
(54,46) RGB=(165,121,104) dist=107.7
(56,46) RGB=(148,120,110) dist=113.2
(87,46) RGB=(172,105,83) dist=96.4
(88,46) RGB=(167,141,145) dist=127.9
(151,46) RGB=(140,148,105) dist=92.0
(210,46) RGB=(168,101,78) dist=93.1
(93,47) RGB=(153,155,105) dist=94.1
(118,47) RGB=(155,165,126) dist=104.0
(168,47) RGB=(99,126,97) dist=96.3
(191,47) RGB=(166,173,100) dist=90.7
(212,47) RGB=(167,115,101) dist=102.3
(57,48) RGB=(171,103,84) dist=95.0
(58,48) RGB=(159,134,125) dist=121.3
(87,48) RGB=(168,101,73) dist=90.1
(92,48) RGB=(151,152,97) dist=90.4
(133,48) RGB=(110,122,97) dist=100.3
(141,48) RGB=(153,160,107) dist=92.5
(204,48) RGB=(187,174,159) dist=143.5
(206,48) RGB=(196,175,111) dist=95.3
(236,48) RGB=(185,189,130) dist=118.6
(58,49) RGB=(161,132,126) dist=118.7
(82,49) RGB=(141,175,176) dist=137.0
(83,49) RGB=(92,227,223) dist=98.6
(84,49) RGB=(142,180,174) dist=134.3
(87,49) RGB=(158,118,99) dist=108.7
(88,49) RGB=(171,116,97) dist=101.3
(92,49) RGB=(114,158,144) dist=108.3
(98,49) RGB=(109,116,91) dist=102.9
(122,49) RGB=(121,100,69) dist=113.6
(142,49) RGB=(156,160,100) dist=90.2
(194,49) RGB=(136,201,208) dist=136.2
(207,49) RGB=(189,177,121) dist=107.0
(58,50) RGB=(153,135,128) dist=120.5
(81,50) RGB=(136,180,191) dist=137.8
(83,50) RGB=(6,118,117) dist=106.6
(89,50) RGB=(169,107,81) dist=95.6
(93,50) RGB=(140,168,141) dist=107.9
(113,50) RGB=(94,111,85) dist=105.2
(206,50) RGB=(177,168,148) dist=131.5
(207,50) RGB=(187,184,161) dist=143.4
(213,50) RGB=(144,133,66) dist=90.1
(216,50) RGB=(170,141,146) dist=127.3
(57,51) RGB=(152,108,93) dist=103.8
(58,51) RGB=(158,133,126) dist=120.7
(80,51) RGB=(102,178,186) dist=105.3
(158,51) RGB=(149,151,98) dist=90.5
(195,51) RGB=(133,190,188) dist=133.9
(201,51) RGB=(174,171,126) dist=113.0
(202,51) RGB=(167,177,130) dist=109.4
(204,51) RGB=(186,181,149) dist=134.3
(216,51) RGB=(160,167,135) dist=112.6
(58,52) RGB=(152,132,127) dist=121.3
(137,52) RGB=(146,141,102) dist=97.9
(192,52) RGB=(122,219,231) dist=127.3
(194,52) RGB=(41,116,108) dist=100.6
(195,52) RGB=(121,215,218) dist=123.2
(197,52) RGB=(159,181,153) dist=122.2
(203,52) RGB=(180,174,116) dist=104.9
(207,52) RGB=(159,163,110) dist=96.4
(212,52) RGB=(180,190,137) dist=119.9
(213,52) RGB=(75,107,83) dist=99.0
(214,52) RGB=(168,174,118) dist=102.7
(58,53) RGB=(161,123,113) dist=110.4
(81,53) RGB=(116,206,212) dist=116.8
(82,53) RGB=(123,180,184) dist=125.6
(93,53) RGB=(204,166,153) dist=134.1
(122,53) RGB=(78,105,64) dist=91.2
(155,53) RGB=(114,134,103) dist=93.7
(156,53) RGB=(118,129,97) dist=95.4
(195,53) RGB=(17,105,104) dist=100.4
(206,53) RGB=(119,102,72) dist=111.8
(207,53) RGB=(175,108,99) dist=93.9
(209,53) RGB=(150,101,82) dist=102.5
(214,53) RGB=(168,171,135) dist=115.6
(28,54) RGB=(134,139,100) dist=93.3
(58,54) RGB=(156,124,118) dist=112.9
(80,54) RGB=(197,232,234) dist=202.5
(82,54) RGB=(37,129,129) dist=107.0
(162,54) RGB=(150,149,109) dist=98.5
(191,54) RGB=(28,107,108) dist=103.0
(192,54) RGB=(24,99,92) dist=94.5
(193,54) RGB=(27,100,96) dist=97.1
(196,54) RGB=(171,161,136) dist=121.8
(197,54) RGB=(172,171,122) dist=109.0
(207,54) RGB=(173,104,75) dist=90.3
(209,54) RGB=(174,160,143) dist=128.9
(220,54) RGB=(119,212,212) dist=120.2
(221,54) RGB=(111,172,176) dist=117.0
(57,55) RGB=(144,90,76) dist=99.9
(58,55) RGB=(158,129,123) dist=116.9
(69,55) RGB=(120,210,214) dist=121.2
(70,55) RGB=(117,167,151) dist=111.1
(80,55) RGB=(10,113,122) dist=111.9
(81,55) RGB=(18,133,132) dist=97.1
(82,55) RGB=(27,132,144) dist=92.1
(219,55) RGB=(113,183,168) dist=118.7
(58,56) RGB=(164,126,116) dist=112.0
(69,56) RGB=(22,133,136) dist=95.2
(70,56) RGB=(111,194,198) dist=111.2
(71,56) RGB=(144,182,181) dist=141.0
(81,56) RGB=(120,146,143) dist=114.7
(106,56) RGB=(131,136,102) dist=95.6
(151,56) RGB=(91,118,90) dist=100.7
(188,56) RGB=(139,149,112) dist=95.3
(205,56) RGB=(160,101,86) dist=96.5
(218,56) RGB=(126,209,211) dist=126.8
(220,56) RGB=(87,171,172) dist=95.9
(21,57) RGB=(94,123,84) dist=93.6
(34,57) RGB=(89,113,72) dist=98.4
(57,57) RGB=(143,96,87) dist=100.6
(58,57) RGB=(153,126,119) dist=116.0
(67,57) RGB=(119,166,162) dist=121.8
(68,57) RGB=(9,100,106) dist=105.4
(69,57) RGB=(21,128,130) dist=102.6
(70,57) RGB=(115,205,209) dist=115.5
(72,57) RGB=(191,220,221) dist=193.2
(151,57) RGB=(191,197,118) dist=108.7
(162,57) RGB=(138,145,100) dist=90.4
(216,57) RGB=(144,140,108) dist=101.0
(217,57) RGB=(24,108,108) dist=102.3
(219,57) RGB=(16,83,90) dist=91.7
(220,57) RGB=(110,214,210) dist=111.3
(223,57) RGB=(202,206,172) dist=159.1
(58,58) RGB=(155,126,121) dist=115.2
(66,58) RGB=(103,209,213) dist=104.2
(70,58) RGB=(21,133,130) dist=99.1
(101,58) RGB=(150,131,123) dist=118.6
(159,58) RGB=(146,146,115) dist=102.2
(160,58) RGB=(139,144,106) dist=94.9
(161,58) RGB=(129,135,108) dist=99.1
(188,58) RGB=(131,138,112) dist=99.9
(204,58) RGB=(168,106,90) dist=96.5
(215,58) RGB=(149,148,123) dist=107.6
(217,58) RGB=(19,99,95) dist=96.7
(218,58) RGB=(29,95,96) dist=100.4
(219,58) RGB=(15,119,120) dist=108.2
(220,58) RGB=(33,120,117) dist=105.7
(221,58) RGB=(100,204,197) dist=100.1
(58,59) RGB=(168,137,125) dist=119.4
(65,59) RGB=(148,149,102) dist=93.4
(69,59) RGB=(97,220,217) dist=100.5
(70,59) RGB=(19,118,113) dist=102.0
(71,59) RGB=(168,163,131) dist=115.7
(72,59) RGB=(153,200,209) dist=153.3
(101,59) RGB=(149,110,82) dist=106.7
(108,59) RGB=(127,134,109) dist=99.9
(150,59) RGB=(145,151,101) dist=90.0
(160,59) RGB=(122,133,96) dist=92.4
(210,59) RGB=(160,177,110) dist=91.0
(55,60) RGB=(143,124,114) dist=115.5
(57,60) RGB=(169,98,80) dist=92.2
(62,60) RGB=(92,130,91) dist=90.2
(65,60) RGB=(141,149,117) dist=99.5
(66,60) RGB=(61,110,105) dist=106.8
(67,60) RGB=(53,120,103) dist=97.9
(68,60) RGB=(25,121,134) dist=105.9
(69,60) RGB=(17,129,117) dist=101.9
(70,60) RGB=(163,165,139) dist=118.0
(71,60) RGB=(117,166,140) dist=101.6
(101,60) RGB=(160,99,75) dist=95.0
(102,60) RGB=(159,96,71) dist=91.9
(133,60) RGB=(90,117,61) dist=91.8
(209,60) RGB=(149,155,109) dist=94.4
(42,61) RGB=(101,123,86) dist=94.2
(49,61) RGB=(104,122,78) dist=92.4
(56,61) RGB=(160,112,95) dist=103.4
(70,61) RGB=(136,171,163) dist=124.8
(71,61) RGB=(196,233,228) dist=200.7
(72,61) RGB=(19,134,127) dist=100.2
(73,61) RGB=(22,86,95) dist=97.6
(74,61) RGB=(134,223,208) dist=136.2
(75,61) RGB=(101,215,219) dist=103.9
(102,61) RGB=(167,103,83) dist=96.7
(142,61) RGB=(134,146,107) dist=92.2
(150,61) RGB=(137,143,103) dist=93.1
(208,61) RGB=(134,145,117) dist=99.3
(45,62) RGB=(88,110,113) dist=117.4
(54,62) RGB=(160,122,108) dist=110.2
(65,62) RGB=(153,151,124) dist=108.5
(72,62) RGB=(177,219,216) dist=178.7
(75,62) RGB=(37,104,102) dist=100.7
(94,62) RGB=(130,145,117) dist=98.1
(101,62) RGB=(175,106,79) dist=91.8
(149,62) RGB=(141,141,115) dist=103.3
(158,62) RGB=(151,156,111) dist=96.1
(185,62) RGB=(99,126,110) dist=103.2
(195,62) RGB=(170,179,141) dist=118.9
(214,62) RGB=(104,138,136) dist=112.2
(217,62) RGB=(137,134,106) dist=101.4
(54,63) RGB=(155,104,74) dist=100.3
(72,63) RGB=(6,120,134) dist=103.9
(73,63) RGB=(3,113,118) dist=110.0
(74,63) RGB=(170,169,103) dist=96.9
(91,63) RGB=(147,157,119) dist=98.9
(103,63) RGB=(153,102,85) dist=100.8
(139,63) RGB=(162,155,110) dist=102.3
(186,63) RGB=(170,172,114) dist=102.2
(199,63) RGB=(170,105,79) dist=94.9
(210,63) RGB=(120,131,102) dist=96.7
(218,63) RGB=(142,228,227) dist=147.2
(219,63) RGB=(101,181,173) dist=106.3
(232,63) RGB=(110,123,73) dist=90.5
(233,63) RGB=(101,111,74) dist=101.9
(237,63) RGB=(105,121,79) dist=93.7
(31,64) RGB=(103,133,111) dist=98.3
(52,64) RGB=(150,116,96) dist=110.9
(69,64) RGB=(18,100,96) dist=96.9
(70,64) RGB=(18,98,94) dist=96.0
(71,64) RGB=(15,123,117) dist=103.9
(72,64) RGB=(140,149,124) dist=103.9
(74,64) RGB=(166,162,126) dist=111.5
(93,64) RGB=(162,167,125) dist=106.4
(96,64) RGB=(164,189,127) dist=102.3
(104,64) RGB=(177,122,111) dist=104.9
(111,64) RGB=(141,142,104) dist=96.0
(160,64) RGB=(108,122,92) dist=97.8
(161,64) RGB=(161,167,112) dist=97.0
(181,64) RGB=(149,149,122) dist=106.3
(185,64) RGB=(97,130,107) dist=98.3
(194,64) RGB=(141,150,118) dist=99.5
(198,64) RGB=(152,121,102) dist=113.3
(208,64) RGB=(146,147,116) dist=102.2
(218,64) RGB=(8,109,121) dist=110.8
(219,64) RGB=(29,70,97) dist=96.9
(225,64) RGB=(88,123,82) dist=93.5
(43,65) RGB=(85,112,88) dist=105.6
(50,65) RGB=(166,123,100) dist=103.4
(51,65) RGB=(137,107,98) dist=109.6
(53,65) RGB=(174,116,98) dist=100.7
(58,65) RGB=(92,119,107) dist=107.7
(61,65) RGB=(155,159,130) dist=109.7
(89,65) RGB=(85,115,71) dist=94.1
(93,65) RGB=(153,160,124) dist=103.9
(94,65) RGB=(147,159,134) dist=108.9
(96,65) RGB=(90,121,65) dist=90.8
(97,65) RGB=(148,156,128) dist=106.3
(103,65) RGB=(170,105,80) dist=95.5
(156,65) RGB=(136,138,96) dist=92.7
(161,65) RGB=(136,141,116) dist=102.0
(162,65) RGB=(119,124,88) dist=95.9
(181,65) RGB=(151,153,119) dist=103.0
(189,65) RGB=(149,156,128) dist=106.8
(191,65) RGB=(154,158,119) dist=101.9
(196,65) RGB=(171,96,80) dist=90.1
(199,65) RGB=(142,96,75) dist=105.7
(207,65) RGB=(147,154,109) dist=93.9
(213,65) RGB=(102,128,122) dist=109.1
(214,65) RGB=(135,147,114) dist=96.4
(49,66) RGB=(179,124,95) dist=92.7
(51,66) RGB=(156,108,96) dist=101.3
(92,66) RGB=(152,167,111) dist=91.0
(100,66) RGB=(140,156,127) dist=102.2
(140,66) RGB=(137,146,121) dist=102.5
(146,66) RGB=(130,131,101) dist=98.7
(155,66) RGB=(171,169,99) dist=93.4
(194,66) RGB=(159,124,91) dist=100.3
(204,66) RGB=(80,108,68) dist=92.8
(244,66) RGB=(113,119,86) dist=98.7
(48,67) RGB=(170,120,106) dist=105.3
(50,67) RGB=(142,124,111) dist=113.5
(90,67) RGB=(123,137,100) dist=91.4
(91,67) RGB=(149,150,116) dist=101.8
(145,67) RGB=(123,118,82) dist=100.1
(154,67) RGB=(142,153,113) dist=94.8
(159,67) RGB=(148,144,102) dist=96.8
(164,67) RGB=(152,151,113) dist=100.8
(166,67) RGB=(88,115,67) dist=94.1
(190,67) RGB=(132,145,113) dist=96.0
(210,67) RGB=(137,147,108) dist=93.3
(221,67) RGB=(135,133,106) dist=101.4
(246,67) RGB=(90,119,93) dist=101.1
(48,68) RGB=(163,101,75) dist=94.2
(91,68) RGB=(132,147,114) dist=95.3
(94,68) RGB=(173,168,105) dist=97.5
(145,68) RGB=(135,142,106) dist=94.8
(153,68) RGB=(158,159,119) dist=103.6
(157,68) RGB=(156,161,112) dist=96.9
(158,68) RGB=(145,144,114) dist=102.4
(161,68) RGB=(153,150,107) dist=98.3
(162,68) RGB=(153,153,96) dist=90.4
(230,68) RGB=(170,108,85) dist=97.1
(28,69) RGB=(148,153,126) dist=106.4
(43,69) RGB=(140,142,95) dist=90.8
(52,69) RGB=(84,115,98) dist=107.6
(105,69) RGB=(160,103,88) dist=97.5
(111,69) RGB=(76,97,57) dist=92.1
(123,69) RGB=(144,149,118) dist=101.4
(172,69) RGB=(116,130,91) dist=91.3
(174,69) RGB=(131,138,111) dist=99.3
(187,69) RGB=(146,155,123) dist=102.3
(221,69) RGB=(147,154,125) dist=104.7
(230,69) RGB=(141,109,78) dist=110.5
(248,69) RGB=(116,125,98) dist=98.9
(13,70) RGB=(122,127,95) dist=96.9
(25,70) RGB=(141,152,124) dist=102.6
(48,70) RGB=(174,141,133) dist=123.5
(49,70) RGB=(141,156,122) dist=98.9
(51,70) RGB=(147,163,135) dist=107.9
(89,70) RGB=(190,192,153) dist=138.0
(100,70) RGB=(150,156,131) dist=109.4
(110,70) RGB=(141,144,112) dist=99.4
(165,70) RGB=(166,161,111) dist=102.4
(171,70) RGB=(140,148,109) dist=94.5
(207,70) RGB=(150,152,114) dist=99.8
(43,71) RGB=(140,144,99) dist=91.4
(44,71) RGB=(139,150,164) dist=134.6
(48,71) RGB=(132,109,50) dist=105.9
(52,71) RGB=(154,163,130) dist=107.4
(90,71) RGB=(154,151,110) dist=100.0
(105,71) RGB=(154,97,80) dist=98.2
(128,71) RGB=(126,138,111) dist=97.9
(131,71) RGB=(67,119,240) dist=91.5
(164,71) RGB=(150,146,114) dist=103.4
(192,71) RGB=(127,65,26) dist=94.4
(199,71) RGB=(153,153,97) dist=90.9
(206,71) RGB=(145,150,121) dist=103.3
(49,72) RGB=(104,128,99) dist=95.6
(109,72) RGB=(134,152,110) dist=90.1
(166,72) RGB=(101,117,88) dist=100.5
(175,72) RGB=(101,123,85) dist=93.8
(178,72) RGB=(85,110,88) dist=106.5
(186,72) RGB=(155,106,88) dist=102.2
(47,73) RGB=(143,110,84) dist=111.9
(86,73) RGB=(99,131,98) dist=92.4
(104,73) RGB=(175,107,85) dist=95.2
(110,73) RGB=(145,153,111) dist=94.8
(172,73) RGB=(153,152,123) dist=107.2
(181,73) RGB=(161,101,72) dist=93.7
(184,73) RGB=(175,100,85) dist=90.8
(83,74) RGB=(92,121,104) dist=104.4
(116,74) RGB=(147,156,118) dist=98.7
(171,74) RGB=(162,169,115) dist=98.7
(172,74) RGB=(138,140,115) dist=102.8
(178,74) RGB=(139,115,95) dist=112.1
(179,74) RGB=(159,102,74) dist=96.6
(185,74) RGB=(148,112,100) dist=107.6
(197,74) RGB=(137,147,122) dist=102.6
(210,74) RGB=(104,135,123) dist=104.7
(212,74) RGB=(102,134,126) dist=107.5
(226,74) RGB=(61,87,71) dist=93.7
(227,74) RGB=(99,118,82) dist=97.4
(229,74) RGB=(135,101,51) dist=103.9
(230,74) RGB=(157,109,74) dist=97.4
(64,75) RGB=(90,113,81) dist=102.3
(82,75) RGB=(116,134,98) dist=91.3
(105,75) RGB=(168,126,111) dist=110.2
(111,75) RGB=(142,141,109) dist=100.0
(116,75) RGB=(89,115,68) dist=95.3
(123,75) RGB=(134,138,110) dist=99.7
(146,75) RGB=(74,111,87) dist=99.0
(167,75) RGB=(148,150,106) dist=95.1
(168,75) RGB=(137,142,113) dist=99.8
(170,75) RGB=(85,108,77) dist=100.9
(171,75) RGB=(148,154,110) dist=95.1
(176,75) RGB=(139,149,118) dist=99.3
(180,75) RGB=(149,104,92) dist=102.2
(181,75) RGB=(168,103,83) dist=96.3
(196,75) RGB=(156,158,133) dist=112.8
(211,75) RGB=(85,123,120) dist=112.7
(212,75) RGB=(161,151,127) dist=114.6
(22,76) RGB=(14,94,98) dist=99.1
(48,76) RGB=(170,120,100) dist=102.5
(63,76) RGB=(76,101,74) dist=97.6
(71,76) RGB=(96,129,100) dist=95.3
(75,76) RGB=(164,164,131) dist=113.0
(133,76) RGB=(108,119,88) dist=98.9
(186,76) RGB=(141,151,111) dist=94.2
(196,76) RGB=(87,117,65) dist=91.4
(199,76) RGB=(152,153,113) dist=99.6
(22,77) RGB=(88,214,220) dist=91.3
(50,77) RGB=(158,100,76) dist=97.4
(66,77) RGB=(146,146,107) dist=97.3
(86,77) RGB=(129,137,99) dist=92.6
(174,77) RGB=(145,149,119) dist=102.5
(183,77) RGB=(124,150,113) dist=90.2
(198,77) RGB=(69,99,66) dist=90.8
(201,77) RGB=(153,156,131) dist=110.8
(24,78) RGB=(111,170,174) dist=117.9
(49,78) RGB=(134,119,105) dist=111.6
(50,78) RGB=(150,118,77) dist=99.6
(55,78) RGB=(142,142,115) dist=103.0
(59,78) RGB=(115,124,96) dist=98.7
(77,78) RGB=(137,142,111) dist=98.6
(86,78) RGB=(72,101,70) dist=93.2
(113,78) RGB=(114,127,102) dist=98.9
(123,78) RGB=(137,144,110) dist=96.6
(177,78) RGB=(168,142,134) dist=126.6
(192,78) RGB=(132,134,104) dist=98.6
(201,78) RGB=(150,146,123) dist=109.2
(213,78) RGB=(153,150,118) dist=105.0
(22,79) RGB=(20,105,101) dist=97.9
(23,79) RGB=(15,125,133) dist=101.7
(24,79) RGB=(153,157,129) dist=108.9
(50,79) RGB=(162,108,74) dist=94.8
(86,79) RGB=(128,144,116) dist=97.4
(122,79) RGB=(92,115,62) dist=94.7
(146,79) RGB=(151,146,125) dist=111.0
(186,79) RGB=(139,145,112) dist=97.9
(193,79) RGB=(101,123,77) dist=91.1
(22,80) RGB=(23,120,127) dist=110.7
(56,80) RGB=(87,115,86) dist=102.4
(77,80) RGB=(145,143,120) dist=106.8
(112,80) RGB=(121,133,97) dist=92.6
(125,80) RGB=(97,120,88) dist=97.7
(174,80) RGB=(162,110,91) dist=101.9
(192,80) RGB=(94,111,70) dist=101.2
(193,80) RGB=(168,162,105) dist=99.7
(194,80) RGB=(170,175,125) dist=108.4
(54,81) RGB=(146,153,126) dist=105.6
(61,81) RGB=(125,118,95) dist=105.4
(65,81) RGB=(133,138,108) dist=98.2
(70,81) RGB=(132,137,107) dist=98.0
(112,81) RGB=(135,139,114) dist=101.8
(119,81) RGB=(134,147,114) dist=96.0
(189,81) RGB=(128,132,102) dist=97.8
(237,81) RGB=(88,123,89) dist=96.1
(50,82) RGB=(161,100,79) dist=97.3
(61,82) RGB=(134,134,98) dist=96.1
(64,82) RGB=(152,155,100) dist=90.7
(67,82) RGB=(108,135,121) dist=103.6
(68,82) RGB=(84,119,86) dist=99.2
(113,82) RGB=(146,147,103) dist=94.3
(120,82) RGB=(157,159,116) dist=101.0
(180,82) RGB=(75,101,89) dist=106.1
(60,83) RGB=(141,145,100) dist=91.7
(65,83) RGB=(156,159,114) dist=99.2
(85,83) RGB=(137,137,109) dist=100.9
(88,83) RGB=(151,153,110) dist=97.2
(122,83) RGB=(141,139,102) dist=97.1
(132,83) RGB=(150,152,108) dist=96.1
(24,84) RGB=(134,144,106) dist=93.0
(50,84) RGB=(156,106,82) dist=103.8
(60,84) RGB=(155,156,109) dist=97.1
(64,84) RGB=(132,146,111) dist=94.0
(82,84) RGB=(138,150,113) dist=94.9
(86,84) RGB=(138,140,115) dist=102.8
(124,84) RGB=(134,139,114) dist=101.5
(129,84) RGB=(157,156,113) dist=100.7
(145,84) RGB=(141,148,105) dist=92.5
(170,84) RGB=(152,114,84) dist=104.1
(242,84) RGB=(150,157,104) dist=90.7
(24,85) RGB=(138,148,123) dist=103.0
(59,85) RGB=(134,140,108) dist=97.1
(61,85) RGB=(143,148,115) dist=99.6
(63,85) RGB=(157,154,101) dist=94.8
(126,85) RGB=(149,149,120) dist=105.0
(128,85) RGB=(143,149,110) dist=95.8
(171,85) RGB=(151,147,117) dist=105.2
(25,86) RGB=(91,117,95) dist=103.7
(42,86) RGB=(143,153,128) dist=105.7
(56,86) RGB=(79,110,73) dist=93.8
(62,86) RGB=(124,140,103) dist=91.0
(63,86) RGB=(122,132,105) dist=97.9
(96,86) RGB=(160,155,135) dist=117.7
(116,86) RGB=(93,120,102) dist=104.2
(133,86) RGB=(129,130,103) dist=100.2
(146,86) RGB=(128,140,115) dist=99.5
(169,86) RGB=(168,106,73) dist=91.8
(238,86) RGB=(102,121,94) dist=99.3
(43,87) RGB=(148,160,118) dist=97.1
(49,87) RGB=(163,98,75) dist=92.6
(50,87) RGB=(153,121,112) dist=111.7
(58,87) RGB=(101,121,83) dist=94.9
(68,87) RGB=(151,164,115) dist=94.6
(80,87) RGB=(95,125,94) dist=95.8
(83,87) RGB=(87,114,60) dist=90.6
(112,87) RGB=(156,105,86) dist=101.6
(135,87) RGB=(74,107,70) dist=90.7
(139,87) RGB=(75,105,103) dist=113.7
(146,87) RGB=(94,118,89) dist=100.1
(166,87) RGB=(164,102,81) dist=97.7
(168,87) RGB=(156,110,89) dist=104.9
(184,87) RGB=(136,149,122) dist=101.0
(201,87) RGB=(112,125,91) dist=95.1
(246,87) RGB=(87,106,77) dist=103.2
(47,88) RGB=(151,103,75) dist=102.9
(48,88) RGB=(160,108,74) dist=96.0
(49,88) RGB=(150,119,79) dist=100.3
(58,88) RGB=(169,180,111) dist=96.9
(64,88) RGB=(65,100,78) dist=94.8
(81,88) RGB=(112,142,119) dist=97.6
(119,88) RGB=(89,121,105) dist=105.2
(167,88) RGB=(160,99,70) dist=92.2
(172,88) RGB=(134,144,117) dist=100.0
(185,88) RGB=(102,136,112) dist=96.6
(187,88) RGB=(139,144,116) dist=101.2
(64,89) RGB=(142,149,120) dist=101.9
(105,89) RGB=(47,65,73) dist=90.3
(112,89) RGB=(159,94,77) dist=94.4
(114,89) RGB=(154,99,73) dist=97.8
(117,89) RGB=(96,121,107) dist=105.8
(118,89) RGB=(102,128,97) dist=94.5
(136,89) RGB=(130,145,118) dist=98.7
(160,89) RGB=(129,137,97) dist=91.5
(167,89) RGB=(157,104,95) dist=97.6
(197,89) RGB=(121,146,130) dist=104.6
(27,90) RGB=(136,143,106) dist=94.5
(42,90) RGB=(154,136,125) dist=118.4
(43,90) RGB=(144,113,101) dist=110.2
(48,90) RGB=(113,133,96) dist=90.6
(50,90) RGB=(142,140,116) dist=105.0
(68,90) RGB=(139,148,123) dist=103.4
(121,90) RGB=(93,115,86) dist=101.8
(149,90) RGB=(59,92,71) dist=92.3
(165,90) RGB=(137,90,44) dist=95.2
(40,91) RGB=(137,114,101) dist=114.7
(43,91) RGB=(163,96,77) dist=92.8
(55,91) RGB=(165,122,107) dist=108.6
(114,91) RGB=(134,117,109) dist=115.3
(115,91) RGB=(140,115,107) dist=113.1
(117,91) RGB=(139,117,109) dist=115.1
(150,91) RGB=(83,105,69) dist=96.9
(168,91) RGB=(110,124,88) dist=94.6
(172,91) RGB=(132,144,114) dist=97.3
(184,91) RGB=(105,127,93) dist=93.6
(186,91) RGB=(131,140,115) dist=100.4
(187,91) RGB=(123,135,109) dist=98.2
(57,92) RGB=(151,128,122) dist=118.6
(156,92) RGB=(63,93,72) dist=95.1
(197,92) RGB=(123,132,104) dist=97.6
(31,93) RGB=(103,126,89) dist=92.7
(32,93) RGB=(134,143,103) dist=91.9
(38,93) RGB=(144,108,94) dist=107.5
(49,93) RGB=(104,131,100) dist=93.6
(109,93) RGB=(59,88,114) dist=95.7
(130,93) RGB=(116,125,98) dist=98.9
(27,94) RGB=(135,143,99) dist=90.1
(28,94) RGB=(131,141,101) dist=91.2
(37,94) RGB=(151,117,105) dist=109.7
(39,94) RGB=(168,97,77) dist=90.3
(57,94) RGB=(174,102,86) dist=92.5
(63,94) RGB=(163,112,85) dist=98.9
(119,94) RGB=(144,114,108) dist=110.1
(127,94) RGB=(74,110,81) dist=95.6
(133,94) RGB=(88,118,85) dist=99.2
(161,94) RGB=(129,135,95) dist=92.1
(166,94) RGB=(134,108,102) dist=111.5
(194,94) RGB=(161,151,121) dist=110.6
(24,95) RGB=(145,147,104) dist=94.4
(25,95) RGB=(148,155,105) dist=91.4
(28,95) RGB=(142,149,109) dist=94.7
(30,95) RGB=(59,97,74) dist=91.7
(38,95) RGB=(164,125,110) dist=111.4
(64,95) RGB=(156,103,87) dist=99.6
(118,95) RGB=(147,94,71) dist=99.3
(119,95) RGB=(143,113,108) dist=109.7
(128,95) RGB=(119,131,103) dist=97.0
(165,95) RGB=(145,100,90) dist=101.6
(166,95) RGB=(144,110,101) dist=107.7
(170,95) RGB=(162,165,102) dist=92.6
(64,96) RGB=(157,118,107) dist=107.8
(118,96) RGB=(138,100,70) dist=108.3
(130,96) RGB=(66,121,90) dist=92.4
(160,96) RGB=(72,101,75) dist=96.0
(166,96) RGB=(147,112,101) dist=107.9
(171,96) RGB=(91,117,81) dist=98.4
(192,96) RGB=(152,150,116) dist=103.2
(22,97) RGB=(109,123,91) dist=96.6
(37,97) RGB=(157,114,96) dist=106.1
(66,97) RGB=(160,125,119) dist=112.4
(160,97) RGB=(129,133,96) dist=94.3
(161,97) RGB=(118,128,102) dist=98.8
(165,97) RGB=(165,94,78) dist=91.2
(166,97) RGB=(142,110,102) dist=108.6
(172,97) RGB=(142,139,117) dist=106.3
(204,97) RGB=(84,99,71) dist=102.1
(31,98) RGB=(145,115,102) dist=111.2
(32,98) RGB=(158,110,96) dist=102.2
(34,98) RGB=(155,104,72) dist=99.2
(35,98) RGB=(166,101,71) dist=90.1
(36,98) RGB=(172,129,118) dist=112.6
(67,98) RGB=(149,108,100) dist=103.7
(124,98) RGB=(149,152,110) dist=96.8
(165,98) RGB=(153,96,84) dist=96.3
(166,98) RGB=(133,106,107) dist=109.8
(172,98) RGB=(71,96,68) dist=94.9
(33,99) RGB=(149,129,118) dist=116.6
(76,99) RGB=(102,129,96) dist=93.2
(142,99) RGB=(130,141,104) dist=92.6
(160,99) RGB=(69,103,83) dist=98.1
(166,99) RGB=(135,112,107) dist=113.4
(171,99) RGB=(145,151,105) dist=92.4
(24,100) RGB=(143,143,107) dist=97.9
(64,100) RGB=(153,156,127) dist=108.0
(68,100) RGB=(180,112,89) dist=93.1
(73,100) RGB=(153,155,113) dist=99.0
(98,100) RGB=(80,111,75) dist=95.0
(100,100) RGB=(84,109,82) dist=102.7
(104,100) RGB=(76,103,83) dist=101.8
(127,100) RGB=(147,153,104) dist=91.5
(172,100) RGB=(154,148,111) dist=102.4
(24,101) RGB=(68,99,71) dist=92.9
(47,101) RGB=(142,146,117) dist=101.7
(49,101) RGB=(71,105,74) dist=92.4
(50,101) RGB=(120,135,107) dist=96.3
(66,101) RGB=(158,159,127) dist=109.1
(74,101) RGB=(79,113,90) dist=102.9
(79,101) RGB=(79,107,101) dist=113.4
(144,101) RGB=(84,112,91) dist=107.0
(166,101) RGB=(136,113,108) dist=113.5
(167,101) RGB=(82,110,106) dist=116.0
(170,101) RGB=(118,137,100) dist=90.3
(173,101) RGB=(157,146,128) dist=115.9
(25,102) RGB=(100,126,85) dist=91.0
(52,102) RGB=(160,156,116) dist=104.3
(68,102) RGB=(125,103,94) dist=114.8
(166,102) RGB=(133,115,106) dist=115.1
(25,103) RGB=(87,99,73) dist=105.0
(47,103) RGB=(139,143,102) dist=93.3
(69,103) RGB=(163,131,117) dist=116.2
(85,103) RGB=(141,142,115) dist=102.6
(89,103) RGB=(121,135,108) dist=97.1
(116,103) RGB=(130,133,108) dist=101.0
(119,103) RGB=(123,139,101) dist=90.4
(120,103) RGB=(141,109,97) dist=109.2
(121,103) RGB=(152,97,66) dist=94.6
(127,103) RGB=(127,139,99) dist=90.4
(140,103) RGB=(92,120,99) dist=102.8
(163,103) RGB=(94,104,68) dist=104.5
(165,103) RGB=(140,111,82) dist=111.5
(166,103) RGB=(166,99,84) dist=93.2
(48,104) RGB=(181,178,109) dist=98.8
(73,104) RGB=(159,121,104) dist=110.2
(86,104) RGB=(158,153,105) dist=98.2
(90,104) RGB=(153,146,114) dist=104.9
(110,104) RGB=(144,141,112) dist=102.7
(111,104) RGB=(144,152,108) dist=93.1
(124,104) RGB=(144,122,115) dist=116.5
(125,104) RGB=(134,138,107) dist=97.9
(165,104) RGB=(154,95,69) dist=93.7
(47,105) RGB=(83,128,93) dist=94.1
(73,105) RGB=(167,102,74) dist=91.8
(86,105) RGB=(74,106,75) dist=94.1
(122,105) RGB=(141,112,101) dist=110.9
(123,105) RGB=(154,94,79) dist=96.3
(162,105) RGB=(155,101,82) dist=100.1
(166,105) RGB=(144,108,85) dist=110.0
(167,105) RGB=(154,98,79) dist=99.4
(171,105) RGB=(158,103,75) dist=98.4
(180,105) RGB=(99,126,92) dist=93.9
(47,106) RGB=(87,113,82) dist=102.7
(74,106) RGB=(162,111,94) dist=102.0
(83,106) RGB=(86,120,86) dist=97.9
(90,106) RGB=(106,120,59) dist=90.6
(116,106) RGB=(157,157,100) dist=92.5
(125,106) RGB=(146,109,97) dist=106.6
(126,106) RGB=(141,108,101) dist=107.6
(127,106) RGB=(160,98,79) dist=96.8
(163,106) RGB=(144,106,82) dist=109.4
(169,106) RGB=(146,109,90) dist=108.3
(173,106) RGB=(151,108,91) dist=104.8
(29,107) RGB=(152,145,116) dist=106.2
(42,107) RGB=(83,108,88) dist=106.3
(73,107) RGB=(146,130,104) dist=106.9
(74,107) RGB=(148,103,74) dist=104.4
(94,107) RGB=(70,92,66) dist=96.1
(115,107) RGB=(155,147,110) dist=102.9
(121,107) RGB=(147,145,107) dist=98.4
(129,107) RGB=(142,122,112) dist=115.6
(150,107) RGB=(87,118,89) dist=100.8
(153,107) RGB=(78,117,93) dist=102.7
(160,107) RGB=(159,103,78) dist=99.5
(162,107) RGB=(136,117,109) dist=115.9
(166,107) RGB=(55,82,76) dist=94.2
(172,107) RGB=(162,95,77) dist=92.9
(74,108) RGB=(164,105,84) dist=99.1
(110,108) RGB=(67,114,88) dist=94.6
(115,108) RGB=(155,150,115) dist=104.2
(120,108) RGB=(148,159,114) dist=94.9
(121,108) RGB=(140,140,113) dist=102.3
(175,108) RGB=(149,103,75) dist=104.3
(45,109) RGB=(110,124,97) dist=98.5
(82,109) RGB=(153,148,108) dist=100.1
(116,109) RGB=(140,142,111) dist=99.7
(117,109) RGB=(136,142,99) dist=91.2
(119,109) RGB=(143,145,120) dist=104.8
(120,109) RGB=(149,148,121) dist=106.2
(132,109) RGB=(153,105,86) dist=102.9
(169,109) RGB=(143,139,116) dist=106.0
(58,110) RGB=(69,95,89) dist=106.7
(72,110) RGB=(159,97,74) dist=94.1
(154,110) RGB=(156,104,84) dist=101.4
(158,110) RGB=(153,97,80) dist=98.7
(159,110) RGB=(152,107,87) dist=104.7
(164,110) RGB=(98,129,104) dist=97.4
(178,110) RGB=(162,98,77) dist=94.4
(179,110) RGB=(163,95,74) dist=90.5
(58,111) RGB=(147,140,120) dist=109.6
(73,111) RGB=(167,115,100) dist=102.5
(155,111) RGB=(155,105,85) dist=102.3
(56,112) RGB=(145,153,108) dist=92.9
(71,112) RGB=(138,114,105) dist=113.6
(92,112) RGB=(129,138,97) dist=90.7
(189,112) RGB=(55,91,133) dist=93.8
(47,113) RGB=(144,150,105) dist=92.5
(48,113) RGB=(151,143,118) dist=108.2
(49,113) RGB=(149,148,100) dist=93.5
(72,113) RGB=(161,123,114) dist=110.3
(82,113) RGB=(144,145,107) dist=97.0
(83,113) RGB=(151,149,98) dist=92.9
(189,113) RGB=(90,100,136) dist=102.9
(66,114) RGB=(145,158,132) dist=107.0
(113,114) RGB=(72,94,57) dist=91.8
(199,114) RGB=(143,147,110) dist=97.0
(28,115) RGB=(74,89,64) dist=97.8
(50,115) RGB=(150,147,115) dist=103.4
(65,115) RGB=(85,119,94) dist=102.2
(66,115) RGB=(154,160,131) dist=109.4
(87,115) RGB=(132,139,103) dist=94.2
(186,115) RGB=(87,161,231) dist=100.3
(51,116) RGB=(136,137,108) dist=99.9
(54,116) RGB=(141,139,105) dist=98.7
(58,116) RGB=(64,106,80) dist=91.9
(103,116) RGB=(133,153,127) dist=101.3
(131,116) RGB=(86,120,70) dist=92.0
(160,116) RGB=(98,126,93) dist=94.4
(200,116) RGB=(154,148,102) dist=97.3
(206,116) RGB=(169,173,122) dist=106.4
(35,117) RGB=(79,98,58) dist=93.6
(53,117) RGB=(139,142,101) dist=93.5
(83,117) RGB=(70,100,80) dist=98.5
(114,117) RGB=(91,116,91) dist=102.9
(125,117) RGB=(123,134,107) dist=97.7
(156,117) RGB=(145,150,118) dist=101.2
(158,117) RGB=(135,148,116) dist=97.1
(199,117) RGB=(140,150,111) dist=94.5
(244,117) RGB=(82,104,72) dist=98.4
(37,118) RGB=(110,117,91) dist=102.1
(99,118) RGB=(146,147,103) dist=94.3
(115,118) RGB=(108,125,133) dist=119.1
(117,118) RGB=(103,123,84) dist=93.5
(158,118) RGB=(145,151,122) dist=103.4
(168,118) RGB=(144,148,103) dist=92.7
(68,119) RGB=(150,110,100) dist=104.9
(70,119) RGB=(157,132,131) dist=120.5
(99,119) RGB=(89,114,100) dist=108.8
(129,119) RGB=(132,138,107) dist=97.2
(130,119) RGB=(147,160,115) dist=94.5
(167,119) RGB=(146,149,100) dist=91.3
(168,119) RGB=(139,137,108) dist=101.1
(200,119) RGB=(148,161,119) dist=97.3
(201,119) RGB=(140,152,122) dist=100.7
(243,119) RGB=(117,129,99) dist=96.2
(57,120) RGB=(123,138,106) dist=94.1
(67,120) RGB=(155,122,109) dist=112.0
(90,120) RGB=(136,137,111) dist=101.7
(105,120) RGB=(92,120,92) dist=99.6
(167,120) RGB=(105,124,85) dist=93.0
(169,120) RGB=(178,169,150) dist=133.3
(179,120) RGB=(71,117,106) dist=108.8
(181,120) RGB=(107,137,109) dist=94.1
(201,120) RGB=(144,155,121) dist=100.0
(235,120) RGB=(120,137,104) dist=93.0
(69,121) RGB=(164,144,134) dist=124.5
(90,121) RGB=(150,161,111) dist=92.9
(93,121) RGB=(147,145,109) dist=99.6
(138,121) RGB=(119,57,22) dist=101.3
(171,121) RGB=(150,152,111) dist=97.9
(172,121) RGB=(144,138,113) dist=105.3
(180,121) RGB=(142,145,109) dist=97.3
(181,121) RGB=(126,144,106) dist=90.4
(210,121) RGB=(72,101,74) dist=95.4
(68,122) RGB=(166,141,129) dist=123.1
(74,122) RGB=(116,127,102) dist=99.2
(108,122) RGB=(77,107,80) dist=98.3
(114,122) RGB=(130,141,109) dist=95.6
(124,122) RGB=(152,97,78) dist=100.0
(125,122) RGB=(150,96,75) dist=100.2
(126,122) RGB=(158,96,69) dist=91.4
(167,122) RGB=(151,153,113) dist=99.1
(168,122) RGB=(138,144,109) dist=96.3
(173,122) RGB=(136,138,106) dist=98.1
(53,123) RGB=(120,133,103) dist=95.6
(67,123) RGB=(172,147,141) dist=130.8
(122,123) RGB=(162,103,75) dist=95.9
(172,123) RGB=(137,142,109) dist=97.3
(177,123) RGB=(108,118,78) dist=96.5
(178,123) RGB=(113,124,99) dist=99.8
(189,123) RGB=(142,110,96) dist=109.7
(53,124) RGB=(115,154,138) dist=105.4
(55,124) RGB=(137,144,112) dist=97.8
(64,124) RGB=(155,123,112) dist=112.7
(72,124) RGB=(77,115,98) dist=106.6
(77,124) RGB=(72,107,81) dist=96.1
(114,124) RGB=(114,134,105) dist=94.9
(120,124) RGB=(143,93,71) dist=101.9
(121,124) RGB=(152,92,62) dist=90.3
(123,124) RGB=(155,97,77) dist=98.4
(124,124) RGB=(143,109,101) dist=107.4
(170,124) RGB=(139,142,108) dist=97.5
(181,124) RGB=(95,120,98) dist=102.1
(202,124) RGB=(73,109,83) dist=96.8
(34,125) RGB=(83,110,71) dist=95.2
(35,125) RGB=(125,138,110) dist=97.0
(44,125) RGB=(45,90,89) dist=99.7
(52,125) RGB=(126,214,214) dist=127.5
(55,125) RGB=(148,229,237) dist=155.3
(64,125) RGB=(163,122,110) dist=109.0
(98,125) RGB=(84,111,90) dist=106.8
(121,125) RGB=(162,95,75) dist=91.7
(224,125) RGB=(127,139,107) dist=95.0
(237,125) RGB=(110,130,92) dist=90.9
(49,126) RGB=(158,191,192) dist=154.6
(52,126) RGB=(163,204,208) dist=163.2
(54,126) RGB=(99,204,206) dist=99.3
(64,126) RGB=(153,111,91) dist=106.4
(66,126) RGB=(83,111,76) dist=97.5
(118,126) RGB=(141,112,100) dist=111.1
(170,126) RGB=(147,146,100) dist=93.8
(178,126) RGB=(145,151,103) dist=91.2
(184,126) RGB=(117,152,120) dist=92.5
(188,126) RGB=(142,151,121) dist=101.4
(191,126) RGB=(163,97,73) dist=90.9
(238,126) RGB=(135,140,115) dist=101.7
(239,126) RGB=(115,132,94) dist=90.8
(43,127) RGB=(140,140,100) dist=94.9
(44,127) RGB=(42,123,129) dist=112.8
(46,127) RGB=(22,104,112) dist=107.7
(47,127) RGB=(33,129,124) dist=109.1
(48,127) RGB=(110,165,161) dist=120.2
(50,127) RGB=(97,197,187) dist=97.9
(52,127) RGB=(17,79,88) dist=90.3
(53,127) RGB=(126,234,239) dist=136.2
(54,127) RGB=(8,112,118) dist=109.8
(55,127) RGB=(4,82,94) dist=94.4
(67,127) RGB=(93,124,81) dist=91.7
(103,127) RGB=(135,145,120) dist=101.7
(114,127) RGB=(69,101,89) dist=103.2
(118,127) RGB=(158,99,84) dist=96.4
(174,127) RGB=(170,156,103) dist=97.0
(193,127) RGB=(161,126,114) dist=113.1
(40,128) RGB=(170,178,148) dist=124.6
(64,128) RGB=(152,105,79) dist=105.5
(101,128) RGB=(90,123,102) dist=101.8
(107,128) RGB=(135,168,122) dist=90.4
(131,128) RGB=(84,105,65) dist=95.6
(151,128) RGB=(111,142,108) dist=90.0
(176,128) RGB=(146,144,104) dist=96.9
(178,128) RGB=(104,123,92) dist=96.7
(184,128) RGB=(74,116,90) dist=98.8
(186,128) RGB=(117,140,110) dist=93.7
(187,128) RGB=(73,107,78) dist=94.8
(188,128) RGB=(152,153,128) dist=109.7
(27,129) RGB=(101,112,85) dist=104.1
(28,129) RGB=(117,124,98) dist=99.9
(58,129) RGB=(122,137,107) dist=95.2
(68,129) RGB=(113,127,99) dist=97.3
(80,129) RGB=(124,126,93) dist=97.4
(149,129) RGB=(81,121,101) dist=104.3
(160,129) RGB=(135,138,103) dist=96.0
(185,129) RGB=(93,123,103) dist=102.1
(194,129) RGB=(160,114,98) dist=104.5
(248,129) RGB=(136,141,108) dist=97.1
(142,130) RGB=(168,103,74) dist=91.8
(193,130) RGB=(143,124,117) dist=117.2
(57,131) RGB=(132,145,109) dist=93.4
(65,131) RGB=(158,136,132) dist=124.0
(70,131) RGB=(72,107,76) dist=93.0
(72,131) RGB=(110,132,98) dist=92.1
(73,131) RGB=(80,110,83) dist=100.3
(78,131) RGB=(64,90,70) dist=94.8
(102,131) RGB=(143,143,115) dist=102.8
(104,131) RGB=(118,137,101) dist=90.9
(123,131) RGB=(82,120,93) dist=101.4
(142,131) RGB=(154,107,90) dist=102.9
(158,131) RGB=(81,105,109) dist=113.3
(190,131) RGB=(144,150,113) dist=97.5
(194,131) RGB=(173,104,77) dist=91.5
(196,131) RGB=(167,115,96) dist=103.0
(59,132) RGB=(81,107,76) dist=98.3
(64,132) RGB=(164,97,74) dist=90.9
(65,132) RGB=(158,133,124) dist=120.6
(86,132) RGB=(86,114,90) dist=104.9
(112,132) RGB=(165,98,79) dist=93.9
(143,132) RGB=(139,116,104) dist=114.9
(191,132) RGB=(88,115,76) dist=98.9
(197,132) RGB=(170,101,79) dist=92.6
(198,132) RGB=(169,123,110) dist=108.0
(223,132) RGB=(98,115,86) dist=101.6
(70,133) RGB=(59,89,81) dist=100.2
(101,133) RGB=(156,161,118) dist=100.8
(110,133) RGB=(148,107,89) dist=106.0
(111,133) RGB=(152,117,89) dist=106.0
(144,133) RGB=(152,103,82) dist=103.1
(189,133) RGB=(135,140,101) dist=93.4
(192,133) RGB=(149,156,106) dist=91.9
(199,133) RGB=(161,141,131) dist=122.6
(64,134) RGB=(164,108,90) dist=99.7
(68,134) RGB=(123,236,242) dist=134.9
(109,134) RGB=(156,106,87) dist=102.1
(147,134) RGB=(160,98,75) dist=94.5
(198,134) RGB=(167,108,88) dist=99.3
(35,135) RGB=(128,213,211) dist=129.1
(67,135) RGB=(82,169,172) dist=92.0
(70,135) RGB=(83,177,172) dist=90.6
(146,135) RGB=(161,97,75) dist=93.4
(177,135) RGB=(53,98,90) dist=99.2
(178,135) RGB=(87,108,81) dist=104.5
(200,135) RGB=(152,98,81) dist=99.5
(206,135) RGB=(151,157,122) dist=102.9
(33,136) RGB=(108,206,206) dist=108.3
(34,136) RGB=(35,127,126) dist=109.7
(36,136) RGB=(188,235,238) dist=195.0
(37,136) RGB=(135,173,170) dist=130.4
(59,136) RGB=(134,138,112) dist=100.9
(64,136) RGB=(128,111,90) dist=110.4
(66,136) RGB=(133,169,161) dist=122.8
(68,136) RGB=(21,102,90) dist=90.9
(84,136) RGB=(149,159,111) dist=93.4
(134,136) RGB=(87,105,63) dist=96.8
(135,136) RGB=(87,113,96) dist=108.1
(147,136) RGB=(154,104,86) dist=101.6
(160,136) RGB=(122,139,110) dist=95.5
(200,136) RGB=(146,107,80) dist=109.0
(204,136) RGB=(122,135,106) dist=96.2
(211,136) RGB=(141,149,109) dist=94.2
(32,137) RGB=(143,187,189) dist=144.0
(35,137) RGB=(93,204,208) dist=93.4
(36,137) RGB=(7,125,139) dist=96.9
(37,137) RGB=(6,99,106) dist=106.4
(54,137) RGB=(137,139,106) dist=97.7
(69,137) RGB=(17,100,95) dist=96.1
(142,137) RGB=(115,131,91) dist=90.3
(157,137) RGB=(121,140,108) dist=93.3
(158,137) RGB=(99,141,119) dist=97.6
(159,137) RGB=(79,114,120) dist=118.2
(178,137) RGB=(159,167,129) dist=107.6
(209,137) RGB=(55,94,74) dist=92.2
(32,138) RGB=(91,224,229) dist=98.5
(33,138) RGB=(21,134,138) dist=93.0
(35,138) RGB=(26,111,115) dist=107.1
(36,138) RGB=(16,118,122) dist=110.4
(42,138) RGB=(112,206,204) dist=112.2
(54,138) RGB=(134,140,104) dist=94.7
(65,138) RGB=(87,129,131) dist=115.3
(68,138) RGB=(21,134,133) dist=96.4
(69,138) RGB=(166,165,130) dist=113.1
(83,138) RGB=(147,159,108) dist=90.4
(85,138) RGB=(164,150,137) dist=123.6
(105,138) RGB=(135,110,103) dist=112.3
(178,138) RGB=(156,162,103) dist=90.8
(179,138) RGB=(144,154,122) dist=101.3
(187,138) RGB=(140,139,113) dist=103.0
(201,138) RGB=(135,109,100) dist=112.0
(211,138) RGB=(171,158,114) dist=106.0
(28,139) RGB=(38,97,101) dist=104.2
(31,139) RGB=(137,140,115) dist=102.4
(42,139) RGB=(99,211,216) dist=100.9
(54,139) RGB=(127,144,118) dist=98.5
(55,139) RGB=(145,137,100) dist=99.3
(59,139) RGB=(146,159,126) dist=102.4
(105,139) RGB=(149,96,78) dist=100.7
(143,139) RGB=(107,131,101) dist=94.3
(144,139) RGB=(102,127,108) dist=101.3
(150,139) RGB=(144,93,70) dist=100.6
(151,139) RGB=(157,99,73) dist=95.8
(152,139) RGB=(137,110,101) dist=111.5
(159,139) RGB=(82,129,105) dist=99.5
(166,139) RGB=(85,109,67) dist=95.1
(169,139) RGB=(130,131,106) dist=101.4
(191,139) RGB=(99,117,90) dist=101.2
(199,139) RGB=(142,113,105) dist=110.6
(205,139) RGB=(81,112,83) dist=100.0
(207,139) RGB=(81,120,74) dist=90.8
(208,139) RGB=(82,111,78) dist=98.0
(41,140) RGB=(29,133,134) dist=98.4
(43,140) RGB=(23,102,89) dist=90.2
(64,140) RGB=(171,104,76) dist=91.9
(65,140) RGB=(164,119,103) dist=106.7
(104,140) RGB=(150,99,81) dist=101.3
(108,140) RGB=(127,135,101) dist=94.6
(122,140) RGB=(84,120,78) dist=95.2
(151,140) RGB=(144,102,88) dist=104.3
(153,140) RGB=(154,95,74) dist=96.4
(158,140) RGB=(112,138,114) dist=97.1
(166,140) RGB=(70,102,74) dist=93.7
(200,140) RGB=(137,127,68) dist=92.6
(202,140) RGB=(129,99,54) dist=108.8
(205,140) RGB=(151,111,94) dist=106.6
(239,140) RGB=(55,92,75) dist=93.0
(40,141) RGB=(140,179,182) dist=141.4
(41,141) RGB=(130,213,214) dist=131.4
(42,141) RGB=(7,97,98) dist=98.5
(64,141) RGB=(159,118,100) dist=108.1
(25,142) RGB=(71,107,84) dist=97.5
(40,142) RGB=(146,220,222) dist=149.0
(42,142) RGB=(209,234,236) dist=214.8
(45,142) RGB=(13,113,117) dist=108.0
(92,142) RGB=(147,145,114) dist=102.6
(128,142) RGB=(117,124,91) dist=96.8
(196,142) RGB=(154,102,85) dist=100.3
(206,142) RGB=(164,102,81) dist=97.7
(41,143) RGB=(16,100,99) dist=99.3
(45,143) RGB=(171,176,141) dist=120.3
(93,143) RGB=(91,122,113) dist=108.6
(95,143) RGB=(132,153,117) dist=93.6
(97,143) RGB=(121,140,105) dist=91.5
(102,143) RGB=(153,107,86) dist=104.6
(121,143) RGB=(90,131,124) dist=108.7
(137,143) RGB=(73,101,73) dist=95.4
(156,143) RGB=(157,101,80) dist=100.0
(184,143) RGB=(136,143,111) dist=97.5
(195,143) RGB=(150,103,87) dist=102.4
(206,143) RGB=(137,107,93) dist=110.8
(208,143) RGB=(136,114,107) dist=114.5
(92,144) RGB=(136,139,110) dist=99.7
(101,144) RGB=(157,101,76) dist=98.5
(103,144) RGB=(148,115,99) dist=110.3
(155,144) RGB=(134,114,107) dist=115.6
(159,144) RGB=(101,115,89) dist=102.7
(193,144) RGB=(138,105,91) dist=109.1
(196,144) RGB=(141,116,107) dist=113.4
(208,144) RGB=(154,99,82) dist=99.0
(229,144) RGB=(87,109,69) dist=97.4
(60,145) RGB=(128,158,131) dist=100.2
(85,145) RGB=(149,156,111) dist=95.1
(96,145) RGB=(116,127,102) dist=99.2
(102,145) RGB=(166,105,85) dist=98.0
(156,145) RGB=(74,59,46) dist=92.5
(194,145) RGB=(153,112,96) dist=106.1
(229,145) RGB=(140,141,110) dist=99.8
(93,146) RGB=(84,44,17) dist=97.3
(160,146) RGB=(118,41,19) dist=102.4
(166,146) RGB=(79,121,82) dist=94.1
(189,146) RGB=(141,141,112) dist=101.4
(228,146) RGB=(113,129,88) dist=90.4
(81,147) RGB=(160,127,118) dist=114.2
(93,147) RGB=(76,42,18) dist=91.7
(149,147) RGB=(71,99,77) dist=97.8
(151,147) RGB=(140,113,88) dist=111.6
(152,147) RGB=(132,115,107) dist=115.3
(156,147) RGB=(95,51,25) dist=105.7
(160,147) RGB=(103,51,22) dist=112.3
(162,147) RGB=(149,103,87) dist=102.9
(163,147) RGB=(148,105,91) dist=103.8
(193,147) RGB=(146,107,93) dist=105.9
(22,148) RGB=(168,176,135) dist=114.0
(72,148) RGB=(90,105,76) dist=105.2
(84,148) RGB=(148,119,110) dist=112.3
(93,148) RGB=(93,47,16) dist=103.7
(97,148) RGB=(154,99,70) dist=96.2
(98,148) RGB=(155,112,102) dist=104.0
(150,148) RGB=(142,101,85) dist=105.6
(152,148) RGB=(159,101,85) dist=97.3
(153,148) RGB=(148,120,111) dist=113.1
(156,148) RGB=(83,58,38) dist=96.7
(160,148) RGB=(100,35,9) dist=114.5
(166,148) RGB=(148,116,98) dist=111.4
(192,148) RGB=(157,108,92) dist=101.9
(86,149) RGB=(169,103,72) dist=90.1
(89,149) RGB=(143,117,83) dist=107.6
(92,149) RGB=(154,94,74) dist=96.0
(93,149) RGB=(82,47,13) dist=93.5
(149,149) RGB=(160,97,76) dist=94.6
(165,149) RGB=(145,103,89) dist=104.3
(190,149) RGB=(140,107,97) dist=108.2
(49,150) RGB=(161,160,134) dist=115.2
(50,150) RGB=(173,175,131) dist=114.5
(87,150) RGB=(141,100,79) dist=107.5
(91,150) RGB=(160,99,78) dist=96.8
(96,150) RGB=(90,114,60) dist=92.8
(141,150) RGB=(91,119,84) dist=97.6
(148,150) RGB=(136,114,107) dist=114.5
(150,150) RGB=(153,122,111) dist=112.7
(190,150) RGB=(109,124,76) dist=90.3
(73,151) RGB=(110,125,99) dist=98.6
(149,151) RGB=(148,100,86) dist=101.3
(191,151) RGB=(161,94,78) dist=93.6
(210,151) RGB=(90,116,149) dist=117.7
(211,151) RGB=(71,98,143) dist=98.3
(228,151) RGB=(78,100,72) dist=98.3
(47,152) RGB=(193,187,128) dist=114.6
(66,152) RGB=(104,113,86) dist=103.5
(96,152) RGB=(118,133,108) dist=98.1
(98,152) RGB=(112,141,119) dist=98.3
(130,152) RGB=(85,111,76) dist=98.8
(132,152) RGB=(111,128,89) dist=91.5
(148,152) RGB=(141,117,113) dist=113.7
(174,152) RGB=(143,113,102) dist=110.6
(189,152) RGB=(131,137,99) dist=93.2
(191,152) RGB=(159,93,78) dist=93.7
(42,153) RGB=(153,162,126) dist=104.4
(48,153) RGB=(83,118,82) dist=97.9
(41,154) RGB=(131,140,110) dist=97.3
(47,154) RGB=(138,151,121) dist=99.8
(49,154) RGB=(108,134,111) dist=97.8
(50,154) RGB=(177,178,145) dist=126.4
(58,154) RGB=(190,177,156) dist=140.3
(59,154) RGB=(196,175,149) dist=132.1
(174,154) RGB=(153,102,74) dist=100.5
(176,154) RGB=(153,97,76) dist=99.2
(187,154) RGB=(155,153,97) dist=92.1
(193,154) RGB=(126,134,107) dist=98.5
(116,155) RGB=(126,132,94) dist=93.3
(139,155) RGB=(101,121,83) dist=94.9
(177,155) RGB=(100,109,42) dist=97.4
(193,155) RGB=(53,96,74) dist=90.0
(204,155) RGB=(87,112,85) dist=104.9
(205,155) RGB=(72,97,72) dist=96.8
(226,155) RGB=(141,156,129) dist=104.1
(239,155) RGB=(110,115,88) dist=102.8
(38,156) RGB=(76,120,85) dist=94.7
(195,156) RGB=(99,128,100) dist=96.0
(40,157) RGB=(161,168,125) dist=105.4
(129,157) RGB=(129,140,111) dist=97.3
(235,157) RGB=(77,104,90) dist=106.2
(81,158) RGB=(85,123,89) dist=96.5
(97,158) RGB=(87,127,94) dist=94.8
(178,158) RGB=(159,95,72) dist=91.9
(193,158) RGB=(98,134,101) dist=91.5
(41,159) RGB=(109,125,93) dist=95.7
(145,159) RGB=(119,134,183) dist=137.1
(202,159) RGB=(80,110,86) dist=102.3
(239,159) RGB=(95,112,68) dist=99.8
(19,160) RGB=(108,119,91) dist=100.1
(43,160) RGB=(158,160,134) dist=113.7
(71,161) RGB=(133,94,66) dist=107.8
(95,161) RGB=(144,86,72) dist=98.9
(103,161) RGB=(68,96,72) dist=95.4
(147,161) RGB=(144,159,110) dist=90.2
(19,162) RGB=(98,113,69) dist=98.9
(71,162) RGB=(79,114,77) dist=94.1
(72,162) RGB=(149,100,80) dist=103.0
(99,162) RGB=(82,123,127) dist=117.6
(102,162) RGB=(157,161,108) dist=94.9
(136,162) RGB=(156,103,66) dist=95.0
(100,163) RGB=(74,106,85) dist=100.3
(83,164) RGB=(140,114,105) dist=112.5
(136,164) RGB=(161,95,78) dist=94.2
(160,164) RGB=(125,135,108) dist=98.1
(85,165) RGB=(140,114,88) dist=110.7
(127,165) RGB=(89,97,71) dist=106.4
(158,165) RGB=(96,122,94) dist=98.5
(159,165) RGB=(74,104,80) dist=98.2
(234,165) RGB=(141,149,118) dist=100.1
(79,166) RGB=(125,131,103) dist=98.4
(98,166) RGB=(123,135,104) dist=95.2
(99,166) RGB=(101,130,119) dist=105.7
(183,166) RGB=(84,111,89) dist=106.1
(14,167) RGB=(135,145,119) dist=101.0
(15,167) RGB=(120,137,100) dist=90.7
(95,167) RGB=(144,102,88) dist=104.3
(156,167) RGB=(82,111,105) dist=114.7
(96,168) RGB=(145,115,106) dist=110.7
(135,168) RGB=(157,91,74) dist=92.6
(136,168) RGB=(160,99,76) dist=95.6
(200,168) RGB=(88,113,56) dist=90.2
(139,169) RGB=(158,154,104) dist=97.0
(166,169) RGB=(77,96,69) dist=98.7
(83,170) RGB=(107,136,101) dist=90.1
(98,170) RGB=(156,101,76) dist=99.2
(117,170) RGB=(109,124,87) dist=94.1
(132,170) RGB=(102,121,90) dist=97.6
(134,170) RGB=(163,99,83) dist=94.8
(139,170) RGB=(140,144,102) dist=93.1
(144,170) RGB=(88,120,64) dist=90.3
(145,170) RGB=(134,134,107) dist=100.9
(181,170) RGB=(104,117,79) dist=97.5
(120,171) RGB=(151,150,115) dist=102.1
(125,171) RGB=(143,153,126) dist=104.3
(127,171) RGB=(150,157,131) dist=108.9
(135,171) RGB=(155,130,121) dist=118.9
(139,171) RGB=(142,138,108) dist=101.5
(98,172) RGB=(149,118,96) dist=112.2
(99,172) RGB=(149,96,70) dist=98.3
(117,172) RGB=(150,152,105) dist=94.3
(121,172) RGB=(145,149,119) dist=102.5
(134,172) RGB=(151,108,86) dist=106.3
(139,172) RGB=(95,114,75) dist=99.3
(143,172) RGB=(129,134,106) dist=98.8
(98,173) RGB=(128,104,93) dist=113.9
(100,173) RGB=(146,99,85) dist=101.9
(121,173) RGB=(145,149,124) dist=105.9
(99,174) RGB=(139,116,104) dist=114.9
(101,174) RGB=(152,105,90) dist=102.1
(107,174) RGB=(125,141,106) dist=92.3
(120,174) RGB=(150,157,128) dist=106.7
(130,174) RGB=(165,99,78) dist=93.8
(132,174) RGB=(146,101,88) dist=102.5
(95,175) RGB=(142,150,105) dist=91.6
(101,175) RGB=(161,97,72) dist=91.6
(112,175) RGB=(92,124,101) dist=100.3
(117,175) RGB=(140,146,121) dist=103.6
(118,175) RGB=(134,135,93) dist=92.9
(26,176) RGB=(114,212,219) dist=116.2
(27,176) RGB=(87,159,165) dist=102.3
(79,176) RGB=(129,137,112) dist=100.1
(117,176) RGB=(135,145,113) dist=97.1
(124,176) RGB=(147,110,85) dist=109.8
(127,176) RGB=(148,96,67) dist=97.5
(143,176) RGB=(84,116,100) dist=107.7
(145,176) RGB=(100,130,99) dist=93.8
(158,176) RGB=(89,121,65) dist=90.9
(25,177) RGB=(112,155,144) dist=109.6
(29,177) RGB=(162,159,130) dist=113.3
(80,177) RGB=(133,140,113) dist=99.8
(81,177) RGB=(121,134,95) dist=90.8
(108,177) RGB=(79,114,75) dist=92.9
(124,177) RGB=(161,97,73) dist=92.2
(128,177) RGB=(152,128,121) dist=118.2
(187,177) RGB=(92,103,75) dist=107.0
(198,177) RGB=(110,127,95) dist=94.9
(200,177) RGB=(136,139,111) dist=100.3
(101,178) RGB=(155,98,61) dist=90.6
(120,178) RGB=(160,169,132) dist=109.6
(27,179) RGB=(15,111,110) dist=102.6
(28,179) RGB=(19,103,106) dist=103.2
(122,179) RGB=(156,105,76) dist=101.3
(137,179) RGB=(134,161,122) dist=93.5
(138,179) RGB=(158,155,118) dist=104.9
(183,179) RGB=(88,100,68) dist=102.6
(184,179) RGB=(98,111,83) dist=104.4
(25,180) RGB=(27,116,116) dist=105.8
(26,180) RGB=(28,105,99) dist=96.6
(102,180) RGB=(152,111,88) dist=107.7
(58,181) RGB=(83,98,69) dist=101.1
(76,181) RGB=(120,136,98) dist=90.4
(80,181) RGB=(104,126,88) dist=92.3
(104,181) RGB=(143,113,98) dist=111.3
(105,181) RGB=(140,112,100) dist=111.6
(108,181) RGB=(162,98,76) dist=93.8
(121,181) RGB=(154,126,116) dist=115.6
(156,181) RGB=(116,138,103) dist=90.8
(158,181) RGB=(121,134,101) dist=93.9
(183,181) RGB=(128,135,101) dist=94.9
(25,182) RGB=(129,133,103) dist=97.9
(59,182) RGB=(98,113,79) dist=101.3
(77,182) RGB=(137,142,97) dist=90.6
(129,182) RGB=(130,128,94) dist=97.8
(126,183) RGB=(151,147,111) dist=101.4
(190,183) RGB=(106,132,110) dist=98.6
(206,183) RGB=(108,121,84) dist=95.6
(229,183) RGB=(97,120,55) dist=90.2
(15,184) RGB=(142,153,107) dist=90.9
(77,184) RGB=(127,133,105) dist=98.4
(80,184) RGB=(135,143,112) dist=97.8
(103,184) RGB=(101,125,91) dist=94.4
(143,184) RGB=(151,157,132) dist=110.2
(32,185) RGB=(139,116,105) dist=114.7
(56,185) RGB=(83,97,66) dist=100.3
(57,185) RGB=(121,134,105) dist=96.1
(79,185) RGB=(139,140,113) dist=101.9
(118,185) RGB=(143,106,92) dist=106.9
(129,185) RGB=(144,140,108) dist=101.0
(20,186) RGB=(74,93,67) dist=98.1
(74,186) RGB=(150,159,112) dist=94.6
(101,186) RGB=(62,95,68) dist=91.1
(127,186) RGB=(120,136,108) dist=96.1
(128,186) RGB=(131,139,111) dist=98.6
(112,187) RGB=(125,136,105) dist=95.5
(125,187) RGB=(109,150,121) dist=93.4
(32,188) RGB=(105,119,92) dist=100.3
(73,188) RGB=(108,125,89) dist=93.9
(43,189) RGB=(102,110,84) dist=105.6
(73,189) RGB=(174,170,114) dist=105.1
(103,189) RGB=(84,117,96) dist=105.0
(112,189) RGB=(126,132,96) dist=94.2
(149,189) RGB=(153,143,113) dist=106.1
(30,190) RGB=(92,113,86) dist=103.8
(73,190) RGB=(140,142,102) dist=94.5
(150,191) RGB=(151,158,105) dist=91.3
(217,191) RGB=(125,128,103) dist=100.8
(56,192) RGB=(159,157,110) dist=99.4
(68,192) RGB=(128,136,108) dist=98.1
(72,192) RGB=(135,142,108) dist=96.0
(191,192) RGB=(122,127,100) dist=99.4
(208,192) RGB=(50,115,121) dist=114.6
(210,192) RGB=(173,168,134) dist=118.9
(56,193) RGB=(149,150,103) dist=93.9
(135,193) RGB=(155,170,121) dist=98.3
(150,193) RGB=(140,143,101) dist=93.2
(28,194) RGB=(128,135,92) dist=90.4
(55,194) RGB=(149,143,118) dist=107.3
(66,194) RGB=(79,96,62) dist=96.6
(188,194) RGB=(116,126,98) dist=98.1
(56,195) RGB=(152,156,103) dist=91.8
(66,195) RGB=(147,147,98) dist=92.1
(118,195) RGB=(164,99,78) dist=94.3
(174,195) RGB=(98,122,88) dist=95.9
(17,196) RGB=(78,99,61) dist=93.6
(57,196) RGB=(156,142,95) dist=98.9
(118,196) RGB=(159,91,73) dist=90.6
(62,197) RGB=(152,157,104) dist=91.8
(71,197) RGB=(137,133,103) dist=100.5
(176,197) RGB=(80,100,61) dist=94.2
(234,197) RGB=(107,121,89) dist=97.4
(235,197) RGB=(117,126,87) dist=93.3
(57,198) RGB=(148,145,93) dist=91.5
(60,198) RGB=(78,97,53) dist=91.8
(62,198) RGB=(149,148,111) dist=99.8
(64,198) RGB=(128,131,86) dist=91.2
(68,198) RGB=(123,129,104) dist=100.0
(87,198) RGB=(132,138,97) dist=91.7
(90,198) RGB=(147,141,114) dist=105.2
(117,198) RGB=(154,95,65) dist=91.7
(119,198) RGB=(153,99,86) dist=98.0
(236,198) RGB=(104,126,87) dist=91.9
(58,199) RGB=(135,136,97) dist=94.4
(60,199) RGB=(144,141,110) dist=101.5
(84,199) RGB=(163,154,111) dist=104.0
(18,200) RGB=(108,129,95) dist=93.0
(59,200) RGB=(135,139,112) dist=100.5
(86,200) RGB=(144,139,111) dist=103.4
(117,200) RGB=(145,113,102) dist=109.5
(224,200) RGB=(127,131,104) dist=99.4
(114,201) RGB=(147,103,88) dist=103.5
(116,201) RGB=(159,99,73) dist=94.5
(152,201) RGB=(77,108,82) dist=99.0
(91,202) RGB=(134,144,112) dist=96.7
(93,202) RGB=(128,144,106) dist=91.0
(94,202) RGB=(113,133,96) dist=90.6
(115,202) RGB=(136,117,110) dist=116.4
(204,202) RGB=(93,109,73) dist=103.6
(217,202) RGB=(132,140,101) dist=92.3
(68,203) RGB=(133,136,110) dist=100.8
(117,203) RGB=(89,118,76) dist=96.2
(157,203) RGB=(93,119,64) dist=92.3
(159,203) RGB=(150,141,104) dist=100.9
(235,203) RGB=(91,123,78) dist=91.8
(68,204) RGB=(80,106,77) dist=98.8
(70,204) RGB=(124,136,103) dist=94.1
(96,204) RGB=(141,167,118) dist=90.3
(128,204) RGB=(110,126,97) dist=96.8
(65,205) RGB=(135,139,106) dist=97.0
(104,205) RGB=(131,148,116) dist=95.7
(113,205) RGB=(143,116,103) dist=112.9
(170,205) RGB=(116,133,103) dist=94.8
(66,206) RGB=(139,147,108) dist=94.1
(71,206) RGB=(160,154,101) dist=96.6
(91,206) RGB=(77,105,65) dist=91.1
(98,206) RGB=(91,125,98) dist=98.0
(67,207) RGB=(119,135,96) dist=90.0
(69,207) RGB=(125,135,98) dist=92.5
(126,207) RGB=(126,129,103) dist=100.2
(145,207) RGB=(111,132,107) dist=97.2
(196,207) RGB=(82,113,68) dist=91.4
(120,208) RGB=(112,127,95) dist=95.2
(150,208) RGB=(93,128,88) dist=90.6
(152,208) RGB=(130,143,110) dist=94.8
(174,208) RGB=(112,134,108) dist=96.4
(214,208) RGB=(71,104,71) dist=91.3
(220,208) RGB=(122,132,97) dist=93.7
(242,209) RGB=(119,142,110) dist=92.7
(96,210) RGB=(131,147,110) dist=92.4
(169,210) RGB=(154,99,64) dist=93.2
(69,211) RGB=(142,148,102) dist=91.2
(73,211) RGB=(132,142,100) dist=90.3
(185,211) RGB=(92,120,81) dist=95.5
(201,211) RGB=(144,148,111) dist=97.5
(205,212) RGB=(126,140,113) dist=97.7
(68,213) RGB=(142,140,117) dist=105.6
(91,213) RGB=(87,103,71) dist=101.7
(195,213) RGB=(117,131,98) dist=94.0
(205,213) RGB=(155,148,128) dist=113.8
(27,214) RGB=(73,89,61) dist=95.1
(72,214) RGB=(106,124,82) dist=92.0
(170,214) RGB=(140,148,118) dist=100.3
(68,215) RGB=(132,135,109) dist=100.6
(70,215) RGB=(99,112,75) dist=101.1
(84,216) RGB=(59,93,70) dist=91.6
(120,216) RGB=(142,111,91) dist=111.7
(119,217) RGB=(152,100,84) dist=100.0
(234,217) RGB=(101,123,93) dist=97.1
(44,218) RGB=(149,150,114) dist=100.5
(96,218) RGB=(115,127,94) dist=95.1
(115,218) RGB=(71,106,73) dist=91.2
(120,218) RGB=(149,93,78) dist=98.5
(122,218) RGB=(157,91,75) dist=93.1
(193,218) RGB=(28,113,112) dist=103.6
(194,218) RGB=(22,90,89) dist=91.7
(198,218) RGB=(159,157,131) dist=113.4
(238,218) RGB=(99,115,77) dist=98.8
(123,219) RGB=(147,103,95) dist=101.6
(237,219) RGB=(100,116,86) dist=100.7
(238,219) RGB=(97,118,78) dist=96.2
(47,220) RGB=(152,148,122) dist=108.3
(62,220) RGB=(147,147,120) dist=105.3
(92,220) RGB=(115,129,92) dist=92.5
(124,220) RGB=(157,95,75) dist=95.0
(16,221) RGB=(78,93,64) dist=98.9
(44,221) RGB=(137,142,107) dist=96.1
(45,221) RGB=(122,127,89) dist=94.3
(76,221) RGB=(126,133,105) dist=98.1
(210,221) RGB=(91,119,69) dist=93.4
(124,222) RGB=(165,97,74) dist=90.3
(200,222) RGB=(72,97,79) dist=100.8
(202,222) RGB=(81,108,70) dist=94.5
(67,223) RGB=(168,161,117) dist=107.3
(119,223) RGB=(74,95,58) dist=92.7
(167,223) RGB=(120,133,103) dist=95.6
(113,224) RGB=(129,145,111) dist=93.7
(226,224) RGB=(158,166,118) dist=99.6
(238,224) RGB=(137,141,99) dist=92.4
(131,225) RGB=(100,130,94) dist=91.3
(126,226) RGB=(135,114,107) dist=115.0
(167,226) RGB=(86,112,90) dist=106.8
(58,227) RGB=(85,111,95) dist=109.8
(114,227) RGB=(91,116,88) dist=101.8
(29,228) RGB=(83,109,64) dist=92.2
(40,228) RGB=(144,162,114) dist=91.3
(52,229) RGB=(78,117,121) dist=119.1
(53,229) RGB=(81,107,120) dist=111.7
(80,229) RGB=(106,129,89) dist=90.1
(127,229) RGB=(156,94,75) dist=95.2
(128,229) RGB=(141,101,83) dist=106.8
(122,230) RGB=(82,113,92) dist=106.0
(127,230) RGB=(157,93,69) dist=90.7
(128,231) RGB=(139,113,102) dist=112.7
(141,231) RGB=(141,165,122) dist=94.3
(215,231) RGB=(146,159,131) dist=106.2
(23,232) RGB=(138,158,115) dist=91.5
(50,232) RGB=(131,138,103) dist=94.6
(127,232) RGB=(147,150,100) dist=91.2
(173,232) RGB=(106,119,94) dist=101.3
(217,232) RGB=(139,94,75) dist=105.9
(218,232) RGB=(120,111,71) dist=103.2
(222,232) RGB=(82,102,67) dist=97.0
(113,233) RGB=(100,122,80) dist=93.0
(114,233) RGB=(111,129,101) dist=96.3
(14,234) RGB=(129,136,105) dist=96.7
(15,234) RGB=(108,126,90) dist=93.4
(36,234) RGB=(116,127,97) dist=96.7
(50,234) RGB=(95,119,92) dist=100.3
(37,235) RGB=(96,119,75) dist=94.5
(109,235) RGB=(171,174,103) dist=95.6
(150,235) RGB=(122,124,91) dist=97.8
(158,235) RGB=(89,119,70) dist=93.8
(159,235) RGB=(132,141,112) dist=98.1
(229,235) RGB=(133,141,110) dist=97.2
(174,236) RGB=(132,131,83) dist=91.4
(186,236) RGB=(108,126,92) dist=94.3
(195,236) RGB=(92,114,88) dist=103.6
(201,236) RGB=(117,126,92) dist=95.4
(105,237) RGB=(105,102,67) dist=109.4
(144,237) RGB=(151,155,120) dist=102.6
(204,237) RGB=(93,120,67) dist=91.9
(29,238) RGB=(80,102,76) dist=100.5
(46,238) RGB=(109,121,95) dist=100.1
(94,238) RGB=(84,113,68) dist=92.8
(158,238) RGB=(127,135,106) dist=97.4
(95,239) RGB=(114,128,95) dist=94.6
(100,239) RGB=(89,115,71) dist=96.9
(103,239) RGB=(109,105,67) dist=106.7
(105,239) RGB=(101,134,102) dist=92.1
(130,240) RGB=(123,134,109) dist=98.9
(156,240) RGB=(87,102,72) dist=102.7
(186,241) RGB=(126,141,105) dist=92.0
(172,242) RGB=(92,121,99) dist=101.9
(48,243) RGB=(78,105,77) dist=98.2
(61,243) RGB=(119,128,102) dist=98.9
(232,243) RGB=(105,131,100) dist=93.6
(232,244) RGB=(130,138,101) dist=93.2
(233,244) RGB=(111,125,96) dist=97.3
(29,245) RGB=(116,127,97) dist=96.7
(124,245) RGB=(74,110,79) dist=94.3
(51,246) RGB=(114,127,100) dist=97.9
(63,246) RGB=(78,102,68) dist=95.0
(93,246) RGB=(101,125,86) dist=92.3
(29,247) RGB=(95,120,68) dist=91.9
(60,248) RGB=(93,110,68) dist=100.7
(101,248) RGB=(80,111,82) dist=99.2