(90,6) RGB=(85,116,79) dist=98.2
(83,8) RGB=(109,143,110) dist=90.4
(29,10) RGB=(100,76,111) dist=90.5
(30,10) RGB=(52,22,60) dist=94.4
(100,10) RGB=(11,132,134) dist=95.4
(82,11) RGB=(77,112,77) dist=93.8
(100,11) RGB=(114,173,178) dist=119.2
(101,11) RGB=(91,177,176) dist=96.9
(106,11) RGB=(80,170,167) dist=91.6
(107,11) RGB=(140,171,169) dist=131.5
(65,12) RGB=(1,125,101) dist=90.3
(97,12) RGB=(178,137,193) dist=139.6
(79,13) RGB=(93,119,88) dist=98.9
(97,13) RGB=(171,144,183) dist=142.1
(116,13) RGB=(83,116,83) dist=99.4
(70,14) RGB=(94,121,101) dist=102.8
(97,14) RGB=(176,141,191) dist=142.3
(116,14) RGB=(80,113,81) dist=97.6
(39,15) RGB=(26,134,126) dist=102.5
(52,15) RGB=(185,168,202) dist=169.9
(62,15) RGB=(133,177,176) dist=134.4
(75,15) RGB=(103,128,89) dist=90.9
(52,16) RGB=(185,165,203) dist=167.7
(63,16) RGB=(116,191,185) dist=117.3
(65,16) RGB=(8,135,130) dist=95.9
(43,17) RGB=(47,146,143) dist=91.5
(57,17) RGB=(150,186,184) dist=145.0
(94,17) RGB=(163,93,196) dist=94.0
(94,18) RGB=(161,92,192) dist=93.0
(45,19) RGB=(145,170,168) dist=132.5
(55,19) RGB=(111,168,165) dist=120.7
(57,19) RGB=(63,149,147) dist=96.8
(46,20) RGB=(8,130,123) dist=104.4
(99,20) RGB=(18,134,129) dist=98.6
(100,20) RGB=(21,136,135) dist=93.6
(55,21) RGB=(79,150,150) dist=106.0
(99,21) RGB=(70,154,156) dist=94.6
(100,21) RGB=(86,166,164) dist=99.2
(107,21) RGB=(170,106,195) dist=108.0
(90,22) RGB=(14,139,131) dist=93.2
(107,22) RGB=(172,105,192) dist=107.6
(89,23) RGB=(15,134,130) dist=97.4
(32,26) RGB=(126,153,128) dist=100.0
(43,26) RGB=(10,135,129) dist=96.8
(27,27) RGB=(115,140,115) dist=96.7
(41,27) RGB=(23,140,130) dist=95.0
(42,27) RGB=(29,118,117) dist=106.1
(46,29) RGB=(37,125,126) dist=111.7
(66,30) RGB=(94,117,86) dist=99.9
(48,31) RGB=(161,120,108) dist=108.0
(117,31) RGB=(100,125,102) dist=99.6
(10,32) RGB=(110,124,96) dist=98.0
(24,32) RGB=(80,125,91) dist=96.5
(10,33) RGB=(106,126,91) dist=93.7
(69,33) RGB=(95,118,89) dist=100.0
(91,34) RGB=(103,131,95) dist=91.0
(100,34) RGB=(129,152,121) dist=96.2
(117,34) RGB=(90,105,80) dist=107.4
(109,35) RGB=(162,110,94) dist=101.1
(9,36) RGB=(84,116,77) dist=96.3
(10,36) RGB=(108,131,96) dist=91.8
(50,38) RGB=(108,123,145) dist=128.8
(17,39) RGB=(106,135,115) dist=99.4
(50,41) RGB=(47,48,75) dist=92.0
(55,44) RGB=(84,112,82) dist=101.2
(23,45) RGB=(129,146,117) dist=97.1
(28,45) RGB=(128,145,111) dist=93.4
(58,47) RGB=(90,127,89) dist=92.2
(10,48) RGB=(83,120,78) dist=94.5
(87,50) RGB=(129,101,91) dist=111.5
(88,50) RGB=(126,99,88) dist=112.9
(90,51) RGB=(126,108,100) dist=116.5
(96,51) RGB=(15,35,74) dist=93.4
(31,52) RGB=(87,116,87) dist=101.9
(44,59) RGB=(91,118,91) dist=101.1
(117,59) RGB=(102,119,93) dist=100.7
(37,61) RGB=(111,129,97) dist=94.3
(54,62) RGB=(127,99,92) dist=111.1
(56,62) RGB=(126,96,90) dist=110.2
(57,62) RGB=(126,103,101) dist=112.8
(58,62) RGB=(129,102,98) dist=110.7
(59,62) RGB=(128,103,99) dist=111.9
(88,62) RGB=(140,105,90) dist=108.3
(36,63) RGB=(106,126,99) dist=97.4
(18,64) RGB=(141,177,171) dist=132.0
(20,64) RGB=(14,131,130) dist=99.3
(96,65) RGB=(77,121,85) dist=94.8
(20,66) RGB=(21,141,132) dist=92.4
(66,66) RGB=(122,96,86) dist=114.1
(119,66) RGB=(87,119,84) dist=98.0
(20,67) RGB=(146,180,178) dist=139.3
(48,67) RGB=(134,100,89) dist=108.2
(49,67) RGB=(139,101,88) dist=106.3
(94,68) RGB=(79,127,82) dist=91.4
(18,69) RGB=(84,146,148) dist=112.6
(44,69) RGB=(139,101,23) dist=95.8
(46,69) RGB=(144,100,11) dist=91.4
(86,69) RGB=(88,119,86) dist=98.6
(17,70) RGB=(137,177,174) dist=133.5
(17,71) RGB=(124,173,168) dist=126.0
(101,71) RGB=(98,125,84) dist=91.6
(22,72) RGB=(146,178,173) dist=135.2
(24,72) RGB=(126,169,166) dist=125.7
(44,72) RGB=(132,95,80) dist=108.9
(21,74) RGB=(13,111,98) dist=92.4
(55,74) RGB=(99,134,101) dist=91.5
(79,74) RGB=(133,93,86) dist=104.8
(90,74) RGB=(142,86,69) dist=98.9
(97,74) RGB=(92,120,99) dist=102.8
(20,75) RGB=(129,155,158) dist=124.6
(23,75) RGB=(40,143,141) dist=91.3
(24,75) RGB=(38,136,132) dist=100.8
(23,76) RGB=(17,134,127) dist=99.9
(27,80) RGB=(173,87,189) dist=90.7
(30,81) RGB=(162,108,182) dist=110.1
(31,81) RGB=(158,106,179) dist=108.4
(20,82) RGB=(173,111,203) dist=113.4
(116,82) RGB=(78,111,75) dist=93.8
(12,83) RGB=(195,141,134) dist=118.2
(20,83) RGB=(172,125,188) dist=127.5
(20,84) RGB=(180,109,198) dist=113.1
(74,86) RGB=(105,128,102) dist=97.2
(96,86) RGB=(138,152,125) dist=102.1
(115,86) RGB=(97,125,86) dist=92.4
(93,90) RGB=(160,127,117) dist=114.3
(94,90) RGB=(168,145,143) dist=131.1
(95,91) RGB=(163,117,107) dist=104.6
(71,95) RGB=(145,93,74) dist=101.9
(46,97) RGB=(93,121,88) dist=97.0
(55,97) RGB=(99,126,84) dist=90.6
(73,97) RGB=(138,79,64) dist=97.5
(88,97) RGB=(175,148,147) dist=133.2
(59,98) RGB=(96,128,96) dist=94.1
(77,98) RGB=(138,82,71) dist=100.4
(82,101) RGB=(128,49,24) dist=92.1
(115,102) RGB=(90,121,91) dist=98.5
(36,103) RGB=(89,116,85) dist=100.9
(90,105) RGB=(142,97,88) dist=101.6
(24,106) RGB=(71,105,73) dist=91.8
(92,106) RGB=(160,99,83) dist=96.0
(115,107) RGB=(106,128,92) dist=92.3
(116,108) RGB=(103,126,86) dist=91.4
(15,113) RGB=(79,123,83) dist=93.9
(88,114) RGB=(70,105,84) dist=98.1
(98,114) RGB=(47,124,126) dist=115.2
(103,114) RGB=(14,85,90) dist=91.2
(17,115) RGB=(82,114,78) dist=96.6
(114,116) RGB=(72,103,75) dist=94.8
(50,121) RGB=(67,95,69) dist=94.0